This is pdfTeX, Version 3.141592653-2.6-1.40.27 (TeX Live 2025) (preloaded format=pdflatex 2026.2.20)  20 JUL 2026 13:35
entering extended mode
 restricted \write18 enabled.
 file:line:error style messages enabled.
 %&-line parsing enabled.
**"/Users/nelachrapkova/Desktop/Relativistická astrofyzika/diplomova-prace/latex/DP_Nela_Michalkova.tex"
(/Users/nelachrapkova/Desktop/Relativistická astrofyzika/diplomova-prace/latex/DP_Nela_Michalkova.tex
LaTeX2e <2024-11-01> patch level 2
L3 programming layer <2025-01-18>
(/Users/nelachrapkova/Desktop/Relativistická astrofyzika/diplomova-prace/latex/ipothes.cls
Document Class: ipothes 2022/06/03
\@parindent=\dimen141
\c@part=\count196
\c@chapter=\count197
\c@section=\count198
\c@subsection=\count199
\c@subsubsection=\count266
\c@paragraph=\count267
\c@subparagraph=\count268
\c@figure=\count269
\c@table=\count270
\abovecaptionskip=\skip49
\belowcaptionskip=\skip50
(/usr/local/texlive/2025/texmf-dist/tex/latex/etoolbox/etoolbox.sty
Package: etoolbox 2025/02/11 v2.5l e-TeX tools for LaTeX (JAW)
\etb@tempcnta=\count271
) (/usr/local/texlive/2025/texmf-dist/tex/latex/natbib/natbib.sty
Package: natbib 2010/09/13 8.31b (PWD, AO)
\bibhang=\skip51
\bibsep=\skip52
LaTeX Info: Redefining \cite on input line 694.
\c@NAT@ctr=\count272
) (/usr/local/texlive/2025/texmf-dist/tex/latex/amsmath/amsmath.sty
Package: amsmath 2024/11/05 v2.17t AMS math features
\@mathmargin=\skip53

For additional information on amsmath, use the `?' option.
(/usr/local/texlive/2025/texmf-dist/tex/latex/amsmath/amstext.sty
Package: amstext 2021/08/26 v2.01 AMS text
 (/usr/local/texlive/2025/texmf-dist/tex/latex/amsmath/amsgen.sty
File: amsgen.sty 1999/11/30 v2.0 generic functions
\@emptytoks=\toks17
\ex@=\dimen142
)) (/usr/local/texlive/2025/texmf-dist/tex/latex/amsmath/amsbsy.sty
Package: amsbsy 1999/11/29 v1.2d Bold Symbols
\pmbraise@=\dimen143
) (/usr/local/texlive/2025/texmf-dist/tex/latex/amsmath/amsopn.sty
Package: amsopn 2022/04/08 v2.04 operator names
)
\inf@bad=\count273
LaTeX Info: Redefining \frac on input line 233.
\uproot@=\count274
\leftroot@=\count275
LaTeX Info: Redefining \overline on input line 398.
LaTeX Info: Redefining \colon on input line 409.
\classnum@=\count276
\DOTSCASE@=\count277
LaTeX Info: Redefining \ldots on input line 495.
LaTeX Info: Redefining \dots on input line 498.
LaTeX Info: Redefining \cdots on input line 619.
\Mathstrutbox@=\box52
\strutbox@=\box53
LaTeX Info: Redefining \big on input line 721.
LaTeX Info: Redefining \Big on input line 722.
LaTeX Info: Redefining \bigg on input line 723.
LaTeX Info: Redefining \Bigg on input line 724.
\big@size=\dimen144
LaTeX Font Info:    Redeclaring font encoding OML on input line 742.
LaTeX Font Info:    Redeclaring font encoding OMS on input line 743.
\macc@depth=\count278
LaTeX Info: Redefining \bmod on input line 904.
LaTeX Info: Redefining \pmod on input line 909.
LaTeX Info: Redefining \smash on input line 939.
LaTeX Info: Redefining \relbar on input line 969.
LaTeX Info: Redefining \Relbar on input line 970.
\c@MaxMatrixCols=\count279
\dotsspace@=\muskip17
\c@parentequation=\count280
\dspbrk@lvl=\count281
\tag@help=\toks18
\row@=\count282
\column@=\count283
\maxfields@=\count284
\andhelp@=\toks19
\eqnshift@=\dimen145
\alignsep@=\dimen146
\tagshift@=\dimen147
\tagwidth@=\dimen148
\totwidth@=\dimen149
\lineht@=\dimen150
\@envbody=\toks20
\multlinegap=\skip54
\multlinetaggap=\skip55
\mathdisplay@stack=\toks21
LaTeX Info: Redefining \[ on input line 2953.
LaTeX Info: Redefining \] on input line 2954.
) (/usr/local/texlive/2025/texmf-dist/tex/latex/amsfonts/amssymb.sty
Package: amssymb 2013/01/14 v3.01 AMS font symbols
 (/usr/local/texlive/2025/texmf-dist/tex/latex/amsfonts/amsfonts.sty
Package: amsfonts 2013/01/14 v3.01 Basic AMSFonts support
\symAMSa=\mathgroup4
\symAMSb=\mathgroup5
LaTeX Font Info:    Redeclaring math symbol \hbar on input line 98.
LaTeX Font Info:    Overwriting math alphabet `\mathfrak' in version `bold'
(Font)                  U/euf/m/n --> U/euf/b/n on input line 106.
)) (/usr/local/texlive/2025/texmf-dist/tex/latex/graphics/graphicx.sty
Package: graphicx 2021/09/16 v1.2d Enhanced LaTeX Graphics (DPC,SPQR)
 (/usr/local/texlive/2025/texmf-dist/tex/latex/graphics/keyval.sty
Package: keyval 2022/05/29 v1.15 key=value parser (DPC)
\KV@toks@=\toks22
) (/usr/local/texlive/2025/texmf-dist/tex/latex/graphics/graphics.sty
Package: graphics 2024/08/06 v1.4g Standard LaTeX Graphics (DPC,SPQR)
 (/usr/local/texlive/2025/texmf-dist/tex/latex/graphics/trig.sty
Package: trig 2023/12/02 v1.11 sin cos tan (DPC)
) (/usr/local/texlive/2025/texmf-dist/tex/latex/graphics-cfg/graphics.cfg
File: graphics.cfg 2016/06/04 v1.11 sample graphics configuration
)
Package graphics Info: Driver file: pdftex.def on input line 106.
 (/usr/local/texlive/2025/texmf-dist/tex/latex/graphics-def/pdftex.def
File: pdftex.def 2024/04/13 v1.2c Graphics/color driver for pdftex
))
\Gin@req@height=\dimen151
\Gin@req@width=\dimen152
)) (/usr/local/texlive/2025/texmf-dist/tex/latex/microtype/microtype.sty
Package: microtype 2025/02/11 v3.2a Micro-typographical refinements (RS)
\MT@toks=\toks23
\MT@tempbox=\box54
\MT@count=\count285
LaTeX Info: Redefining \noprotrusionifhmode on input line 1087.
LaTeX Info: Redefining \leftprotrusion on input line 1088.
\MT@prot@toks=\toks24
LaTeX Info: Redefining \rightprotrusion on input line 1107.
LaTeX Info: Redefining \textls on input line 1449.
\MT@outer@kern=\dimen153
LaTeX Info: Redefining \microtypecontext on input line 2053.
LaTeX Info: Redefining \textmicrotypecontext on input line 2070.
\MT@listname@count=\count286
 (/usr/local/texlive/2025/texmf-dist/tex/latex/microtype/microtype-pdftex.def
File: microtype-pdftex.def 2025/02/11 v3.2a Definitions specific to pdftex (RS)
LaTeX Info: Redefining \lsstyle on input line 944.
LaTeX Info: Redefining \lslig on input line 944.
\MT@outer@space=\skip56
)
Package microtype Info: Loading configuration file microtype.cfg.
 (/usr/local/texlive/2025/texmf-dist/tex/latex/microtype/microtype.cfg
File: microtype.cfg 2025/02/11 v3.2a microtype main configuration file (RS)
)
LaTeX Info: Redefining \microtypesetup on input line 3065.
) (/usr/local/texlive/2025/texmf-dist/tex/latex/lm/lmodern.sty
Package: lmodern 2015/05/01 v1.6.1 Latin Modern Fonts
LaTeX Font Info:    Overwriting symbol font `operators' in version `normal'
(Font)                  OT1/cmr/m/n --> OT1/lmr/m/n on input line 22.
LaTeX Font Info:    Overwriting symbol font `letters' in version `normal'
(Font)                  OML/cmm/m/it --> OML/lmm/m/it on input line 23.
LaTeX Font Info:    Overwriting symbol font `symbols' in version `normal'
(Font)                  OMS/cmsy/m/n --> OMS/lmsy/m/n on input line 24.
LaTeX Font Info:    Overwriting symbol font `largesymbols' in version `normal'
(Font)                  OMX/cmex/m/n --> OMX/lmex/m/n on input line 25.
LaTeX Font Info:    Overwriting symbol font `operators' in version `bold'
(Font)                  OT1/cmr/bx/n --> OT1/lmr/bx/n on input line 26.
LaTeX Font Info:    Overwriting symbol font `letters' in version `bold'
(Font)                  OML/cmm/b/it --> OML/lmm/b/it on input line 27.
LaTeX Font Info:    Overwriting symbol font `symbols' in version `bold'
(Font)                  OMS/cmsy/b/n --> OMS/lmsy/b/n on input line 28.
LaTeX Font Info:    Overwriting symbol font `largesymbols' in version `bold'
(Font)                  OMX/cmex/m/n --> OMX/lmex/m/n on input line 29.
LaTeX Font Info:    Overwriting math alphabet `\mathbf' in version `normal'
(Font)                  OT1/cmr/bx/n --> OT1/lmr/bx/n on input line 31.
LaTeX Font Info:    Overwriting math alphabet `\mathsf' in version `normal'
(Font)                  OT1/cmss/m/n --> OT1/lmss/m/n on input line 32.
LaTeX Font Info:    Overwriting math alphabet `\mathit' in version `normal'
(Font)                  OT1/cmr/m/it --> OT1/lmr/m/it on input line 33.
LaTeX Font Info:    Overwriting math alphabet `\mathtt' in version `normal'
(Font)                  OT1/cmtt/m/n --> OT1/lmtt/m/n on input line 34.
LaTeX Font Info:    Overwriting math alphabet `\mathbf' in version `bold'
(Font)                  OT1/cmr/bx/n --> OT1/lmr/bx/n on input line 35.
LaTeX Font Info:    Overwriting math alphabet `\mathsf' in version `bold'
(Font)                  OT1/cmss/bx/n --> OT1/lmss/bx/n on input line 36.
LaTeX Font Info:    Overwriting math alphabet `\mathit' in version `bold'
(Font)                  OT1/cmr/bx/it --> OT1/lmr/bx/it on input line 37.
LaTeX Font Info:    Overwriting math alphabet `\mathtt' in version `bold'
(Font)                  OT1/cmtt/m/n --> OT1/lmtt/m/n on input line 38.
) (/usr/local/texlive/2025/texmf-dist/tex/latex/base/fontenc.sty
Package: fontenc 2021/04/29 v2.0v Standard LaTeX package
LaTeX Font Info:    Trying to load font information for T1+lmr on input line 116.
 (/usr/local/texlive/2025/texmf-dist/tex/latex/lm/t1lmr.fd
File: t1lmr.fd 2015/05/01 v1.6.1 Font defs for Latin Modern
)) (/usr/local/texlive/2025/texmf-dist/tex/latex/base/inputenc.sty
Package: inputenc 2024/02/08 v1.3d Input encoding file
\inpenc@prehook=\toks25
\inpenc@posthook=\toks26
) (/usr/local/texlive/2025/texmf-dist/tex/generic/babel/babel.sty
Package: babel 2025/02/14 v25.4 The multilingual framework for pdfLaTeX, LuaLaTeX and XeLaTeX
\babel@savecnt=\count287
\U@D=\dimen154
\l@unhyphenated=\language90
 (/usr/local/texlive/2025/texmf-dist/tex/generic/babel/txtbabel.def)
\bbl@readstream=\read2
\bbl@dirlevel=\count288
 (/usr/local/texlive/2025/texmf-dist/tex/generic/babel-english/english.ldf
Language: english 2017/06/06 v3.3r English support from the babel system
Package babel Info: Hyphen rules for 'canadian' set to \l@english
(babel)             (\language0). Reported on input line 102.
Package babel Info: Hyphen rules for 'australian' set to \l@ukenglish
(babel)             (\language22). Reported on input line 105.
Package babel Info: Hyphen rules for 'newzealand' set to \l@ukenglish
(babel)             (\language22). Reported on input line 108.
) (/usr/local/texlive/2025/texmf-dist/tex/generic/babel-czech/czech.ldf
Language: czech 2008/07/06 v3.1a Czech support from the babel system
Package babel Info: Making " an active character on input line 172.
\cs@wordlen=\count289
Package babel Info: Making - an active character on input line 226.
)) (/usr/local/texlive/2025/texmf-dist/tex/generic/babel/locale/cs/babel-czech.tex
Package babel Info: Importing font and identification data for czech
(babel)             from babel-cs.ini. Reported on input line 11.
) (/usr/local/texlive/2025/texmf-dist/tex/generic/babel/locale/en/babel-english.tex
Package babel Info: Importing font and identification data for english
(babel)             from babel-en.ini. Reported on input line 11.
) (/usr/local/texlive/2025/texmf-dist/tex/latex/fancyvrb/fancyvrb.sty
Package: fancyvrb 2024/01/20 4.5c verbatim text (tvz,hv)
\FV@CodeLineNo=\count290
\FV@InFile=\read3
\FV@TabBox=\box55
\c@FancyVerbLine=\count291
\FV@StepNumber=\count292
\FV@OutFile=\write3
) (/usr/local/texlive/2025/texmf-dist/tex/latex/subfig/subfig.sty
Package: subfig 2005/06/28 ver: 1.3 subfig package
 (/usr/local/texlive/2025/texmf-dist/tex/latex/caption/caption.sty
Package: caption 2023/08/05 v3.6o Customizing captions (AR)
 (/usr/local/texlive/2025/texmf-dist/tex/latex/caption/caption3.sty
Package: caption3 2023/07/31 v2.4d caption3 kernel (AR)
\caption@tempdima=\dimen155
\captionmargin=\dimen156
\caption@leftmargin=\dimen157
\caption@rightmargin=\dimen158
\caption@width=\dimen159
\caption@indent=\dimen160
\caption@parindent=\dimen161
\caption@hangindent=\dimen162
Package caption Info: Document class w/o caption stuff detected.
)
\c@caption@flags=\count293
\c@continuedfloat=\count294
)
\c@KVtest=\count295
\sf@farskip=\skip57
\sf@captopadj=\dimen163
\sf@capskip=\skip58
\sf@nearskip=\skip59
\c@subfigure=\count296
\c@subfigure@save=\count297
\c@lofdepth=\count298
\c@subtable=\count299
\c@subtable@save=\count300
\c@lotdepth=\count301
\sf@top=\skip60
\sf@bottom=\skip61
) (/usr/local/texlive/2025/texmf-dist/tex/latex/float/float.sty
Package: float 2001/11/08 v1.3d Float enhancements (AL)
\c@float@type=\count302
\float@exts=\toks27
\float@box=\box56
\@float@everytoks=\toks28
\@floatcapt=\box57
) (/usr/local/texlive/2025/texmf-dist/tex/latex/makecell/makecell.sty
Package: makecell 2009/08/03 V0.1e Managing of Tab Column Heads and Cells
 (/usr/local/texlive/2025/texmf-dist/tex/latex/tools/array.sty
Package: array 2024/10/17 v2.6g Tabular extension package (FMi)
\col@sep=\dimen164
\ar@mcellbox=\box58
\extrarowheight=\dimen165
\NC@list=\toks29
\extratabsurround=\skip62
\backup@length=\skip63
\ar@cellbox=\box59
)
\rotheadsize=\dimen166
\c@nlinenum=\count303
\TeXr@lab=\toks30
) (/usr/local/texlive/2025/texmf-dist/tex/latex/booktabs/booktabs.sty
Package: booktabs 2020/01/12 v1.61803398 Publication quality tables
\heavyrulewidth=\dimen167
\lightrulewidth=\dimen168
\cmidrulewidth=\dimen169
\belowrulesep=\dimen170
\belowbottomsep=\dimen171
\aboverulesep=\dimen172
\abovetopsep=\dimen173
\cmidrulesep=\dimen174
\cmidrulekern=\dimen175
\defaultaddspace=\dimen176
\@cmidla=\count304
\@cmidlb=\count305
\@aboverulesep=\dimen177
\@belowrulesep=\dimen178
\@thisruleclass=\count306
\@lastruleclass=\count307
\@thisrulewidth=\dimen179
)
** ipothes: main language `czech' localization loaded:
(/Users/nelachrapkova/Desktop/Relativistická astrofyzika/diplomova-prace/latex/ipotbabel.tex (/Users/nelachrapkova/Desktop/Relativistická astrofyzika/diplomova-prace/latex/ipot-cze.ldf)) (/usr/local/texlive/2025/texmf-dist/tex/latex/hyperref/hyperref.sty
Package: hyperref 2024-11-05 v7.01l Hypertext links for LaTeX
 (/usr/local/texlive/2025/texmf-dist/tex/generic/iftex/iftex.sty
Package: iftex 2024/12/12 v1.0g TeX engine tests
) (/usr/local/texlive/2025/texmf-dist/tex/latex/kvsetkeys/kvsetkeys.sty
Package: kvsetkeys 2022-10-05 v1.19 Key value parser (HO)
) (/usr/local/texlive/2025/texmf-dist/tex/generic/kvdefinekeys/kvdefinekeys.sty
Package: kvdefinekeys 2019-12-19 v1.6 Define keys (HO)
) (/usr/local/texlive/2025/texmf-dist/tex/generic/pdfescape/pdfescape.sty
Package: pdfescape 2019/12/09 v1.15 Implements pdfTeX's escape features (HO)
 (/usr/local/texlive/2025/texmf-dist/tex/generic/ltxcmds/ltxcmds.sty
Package: ltxcmds 2023-12-04 v1.26 LaTeX kernel commands for general use (HO)
) (/usr/local/texlive/2025/texmf-dist/tex/generic/pdftexcmds/pdftexcmds.sty
Package: pdftexcmds 2020-06-27 v0.33 Utility functions of pdfTeX for LuaTeX (HO)
 (/usr/local/texlive/2025/texmf-dist/tex/generic/infwarerr/infwarerr.sty
Package: infwarerr 2019/12/03 v1.5 Providing info/warning/error messages (HO)
)
Package pdftexcmds Info: \pdf@primitive is available.
Package pdftexcmds Info: \pdf@ifprimitive is available.
Package pdftexcmds Info: \pdfdraftmode found.
)) (/usr/local/texlive/2025/texmf-dist/tex/latex/hycolor/hycolor.sty
Package: hycolor 2020-01-27 v1.10 Color options for hyperref/bookmark (HO)
) (/usr/local/texlive/2025/texmf-dist/tex/latex/hyperref/nameref.sty
Package: nameref 2023-11-26 v2.56 Cross-referencing by name of section
 (/usr/local/texlive/2025/texmf-dist/tex/latex/refcount/refcount.sty
Package: refcount 2019/12/15 v3.6 Data extraction from label references (HO)
) (/usr/local/texlive/2025/texmf-dist/tex/generic/gettitlestring/gettitlestring.sty
Package: gettitlestring 2019/12/15 v1.6 Cleanup title references (HO)
 (/usr/local/texlive/2025/texmf-dist/tex/latex/kvoptions/kvoptions.sty
Package: kvoptions 2022-06-15 v3.15 Key value format for package options (HO)
))
\c@section@level=\count308
) (/usr/local/texlive/2025/texmf-dist/tex/generic/stringenc/stringenc.sty
Package: stringenc 2019/11/29 v1.12 Convert strings between diff. encodings (HO)
)
\@linkdim=\dimen180
\Hy@linkcounter=\count309
\Hy@pagecounter=\count310
 (/usr/local/texlive/2025/texmf-dist/tex/latex/hyperref/pd1enc.def
File: pd1enc.def 2024-11-05 v7.01l Hyperref: PDFDocEncoding definition (HO)
Now handling font encoding PD1 ...
... no UTF-8 mapping file for font encoding PD1
) (/usr/local/texlive/2025/texmf-dist/tex/generic/intcalc/intcalc.sty
Package: intcalc 2019/12/15 v1.3 Expandable calculations with integers (HO)
)
\Hy@SavedSpaceFactor=\count311
 (/usr/local/texlive/2025/texmf-dist/tex/latex/hyperref/puenc.def
File: puenc.def 2024-11-05 v7.01l Hyperref: PDF Unicode definition (HO)
Now handling font encoding PU ...
... no UTF-8 mapping file for font encoding PU
) (/Users/nelachrapkova/Desktop/Relativistická astrofyzika/diplomova-prace/latex/hyperref.cfg
Package hyperref Info: Option `colorlinks' set `true' on input line 89.
Package hyperref Info: Option `linktocpage' set `true' on input line 89.
Package hyperref Info: Option `bookmarks' set `false' on input line 89.
)
Package hyperref Info: Option `final' set `true' on input line 4040.
Package hyperref Info: Option `final' set `true' on input line 4040.
Package hyperref Info: Hyper figures OFF on input line 4157.
Package hyperref Info: Link nesting OFF on input line 4162.
Package hyperref Info: Hyper index ON on input line 4165.
Package hyperref Info: Plain pages OFF on input line 4172.
Package hyperref Info: Backreferencing OFF on input line 4177.
Package hyperref Info: Implicit mode ON; LaTeX internals redefined.
Package hyperref Info: Bookmarks OFF on input line 4430.
\c@Hy@tempcnt=\count312
 (/usr/local/texlive/2025/texmf-dist/tex/latex/url/url.sty
\Urlmuskip=\muskip18
Package: url 2013/09/16  ver 3.4  Verb mode for urls, etc.
)
LaTeX Info: Redefining \url on input line 4763.
\XeTeXLinkMargin=\dimen181
 (/usr/local/texlive/2025/texmf-dist/tex/generic/bitset/bitset.sty
Package: bitset 2019/12/09 v1.3 Handle bit-vector datatype (HO)
 (/usr/local/texlive/2025/texmf-dist/tex/generic/bigintcalc/bigintcalc.sty
Package: bigintcalc 2019/12/15 v1.5 Expandable calculations on big integers (HO)
))
\Fld@menulength=\count313
\Field@Width=\dimen182
\Fld@charsize=\dimen183
Package hyperref Info: Hyper figures OFF on input line 6042.
Package hyperref Info: Link nesting OFF on input line 6047.
Package hyperref Info: Hyper index ON on input line 6050.
Package hyperref Info: backreferencing OFF on input line 6057.
Package hyperref Info: Link coloring ON on input line 6060.
Package hyperref Info: Link coloring with OCG OFF on input line 6067.
Package hyperref Info: PDF/A mode OFF on input line 6072.
 (/usr/local/texlive/2025/texmf-dist/tex/latex/base/atbegshi-ltx.sty
Package: atbegshi-ltx 2021/01/10 v1.0c Emulation of the original atbegshi
package with kernel methods
)
\Hy@abspage=\count314
\c@Item=\count315
\c@Hfootnote=\count316
)
Package hyperref Info: Driver (autodetected): hpdftex.
 (/usr/local/texlive/2025/texmf-dist/tex/latex/hyperref/hpdftex.def
File: hpdftex.def 2024-11-05 v7.01l Hyperref driver for pdfTeX
 (/usr/local/texlive/2025/texmf-dist/tex/latex/base/atveryend-ltx.sty
Package: atveryend-ltx 2020/08/19 v1.0a Emulation of the original atveryend package
with kernel methods
)
\Fld@listcount=\count317
\c@bookmark@seq@number=\count318
 (/usr/local/texlive/2025/texmf-dist/tex/latex/rerunfilecheck/rerunfilecheck.sty
Package: rerunfilecheck 2022-07-10 v1.10 Rerun checks for auxiliary files (HO)
 (/usr/local/texlive/2025/texmf-dist/tex/generic/uniquecounter/uniquecounter.sty
Package: uniquecounter 2019/12/15 v1.4 Provide unlimited unique counter (HO)
)
Package uniquecounter Info: New unique counter `rerunfilecheck' on input line 285.
)
\Hy@SectionHShift=\skip64
)
** ipothes: user config file loaded:
(/Users/nelachrapkova/Desktop/Relativistická astrofyzika/diplomova-prace/latex/ipothes.cfg
\c@definice=\count319
\c@veta=\count320
LaTeX Info: Redefining \LaTeX on input line 143.
)
pdfcompresslevel=9, pdfminorversion=5, pdfobjcompresslevel=2
(/usr/local/texlive/2025/texmf-dist/tex/latex/l3backend/l3backend-pdftex.def
File: l3backend-pdftex.def 2024-05-08 L3 backend support: PDF output (pdfTeX)
\l__color_backend_stack_int=\count321
\l__pdf_internal_box=\box60
) (/Users/nelachrapkova/Desktop/Relativistická astrofyzika/diplomova-prace/latex/DP_Nela_Michalkova.aux)
\openout1 = `DP_Nela_Michalkova.aux'.

LaTeX Font Info:    Checking defaults for OML/cmm/m/it on input line 99.
LaTeX Font Info:    ... okay on input line 99.
LaTeX Font Info:    Checking defaults for OMS/cmsy/m/n on input line 99.
LaTeX Font Info:    ... okay on input line 99.
LaTeX Font Info:    Checking defaults for OT1/cmr/m/n on input line 99.
LaTeX Font Info:    ... okay on input line 99.
LaTeX Font Info:    Checking defaults for T1/cmr/m/n on input line 99.
LaTeX Font Info:    ... okay on input line 99.
LaTeX Font Info:    Checking defaults for TS1/cmr/m/n on input line 99.
LaTeX Font Info:    ... okay on input line 99.
LaTeX Font Info:    Checking defaults for OMX/cmex/m/n on input line 99.
LaTeX Font Info:    ... okay on input line 99.
LaTeX Font Info:    Checking defaults for U/cmr/m/n on input line 99.
LaTeX Font Info:    ... okay on input line 99.
LaTeX Font Info:    Checking defaults for PD1/pdf/m/n on input line 99.
LaTeX Font Info:    ... okay on input line 99.
LaTeX Font Info:    Checking defaults for PU/pdf/m/n on input line 99.
LaTeX Font Info:    ... okay on input line 99.
 (/usr/local/texlive/2025/texmf-dist/tex/context/base/mkii/supp-pdf.mkii
[Loading MPS to PDF converter (version 2006.09.02).]
\scratchcounter=\count322
\scratchdimen=\dimen184
\scratchbox=\box61
\nofMPsegments=\count323
\nofMParguments=\count324
\everyMPshowfont=\toks31
\MPscratchCnt=\count325
\MPscratchDim=\dimen185
\MPnumerator=\count326
\makeMPintoPDFobject=\count327
\everyMPtoPDFconversion=\toks32
) (/usr/local/texlive/2025/texmf-dist/tex/latex/epstopdf-pkg/epstopdf-base.sty
Package: epstopdf-base 2020-01-24 v2.11 Base part for package epstopdf
Package epstopdf-base Info: Redefining graphics rule for `.eps' on input line 485.
 (/usr/local/texlive/2025/texmf-dist/tex/latex/latexconfig/epstopdf-sys.cfg
File: epstopdf-sys.cfg 2010/07/13 v1.3 Configuration of (r)epstopdf for TeX Live
))
LaTeX Info: Redefining \microtypecontext on input line 99.
Package microtype Info: Applying patch `item' on input line 99.
Package microtype Info: Applying patch `toc' on input line 99.
Package microtype Info: Applying patch `eqnum' on input line 99.
Package microtype Info: Applying patch `footnote' on input line 99.
Package microtype Info: Applying patch `verbatim' on input line 99.
LaTeX Info: Redefining \microtypesetup on input line 99.
Package microtype Info: Generating PDF output.
Package microtype Info: Character protrusion enabled (level 2).
Package microtype Info: Using default protrusion set `alltext'.
Package microtype Info: Automatic font expansion enabled (level 2),
(microtype)             stretch: 20, shrink: 20, step: 1, non-selected.
Package microtype Info: Using default expansion set `alltext-nott'.
LaTeX Info: Redefining \showhyphens on input line 99.
Package microtype Info: No adjustment of tracking.
Package microtype Info: No adjustment of interword spacing.
Package microtype Info: No adjustment of character kerning.
 (/usr/local/texlive/2025/texmf-dist/tex/latex/microtype/mt-cmr.cfg
File: mt-cmr.cfg 2013/05/19 v2.2 microtype config. file: Computer Modern Roman (RS)
)
Package caption Info: Begin \AtBeginDocument code.
Package caption Info: subfig package v1.3 is loaded.
Package caption Info: float package is loaded.
Package caption Info: hyperref package is loaded.
Package caption Info: End \AtBeginDocument code.
 (/usr/local/texlive/2025/texmf-dist/tex/latex/graphics/color.sty
Package: color 2024/06/23 v1.3e Standard LaTeX Color (DPC)
 (/usr/local/texlive/2025/texmf-dist/tex/latex/graphics-cfg/color.cfg
File: color.cfg 2016/01/02 v1.6 sample color configuration
)
Package color Info: Driver file: pdftex.def on input line 149.
 (/usr/local/texlive/2025/texmf-dist/tex/latex/graphics/mathcolor.ltx))
Package hyperref Info: Link coloring ON on input line 99.
LaTeX Font Info:    Trying to load font information for T1+lmss on input line 142.
 (/usr/local/texlive/2025/texmf-dist/tex/latex/lm/t1lmss.fd
File: t1lmss.fd 2015/05/01 v1.6.1 Font defs for Latin Modern
)
Package microtype Info: Loading generic protrusion settings for font family
(microtype)             `lmss' (encoding: T1).
(microtype)             For optimal results, create family-specific settings.
(microtype)             See the microtype manual for details.


[1

{/usr/local/texlive/2025/texmf-var/fonts/map/pdftex/updmap/pdftex.map}{/usr/local/texlive/2025/texmf-dist/fonts/enc/dvips/lm/lm-ec.enc}]

[2

]
LaTeX Font Info:    Trying to load font information for OT1+lmr on input line 142.
 (/usr/local/texlive/2025/texmf-dist/tex/latex/lm/ot1lmr.fd
File: ot1lmr.fd 2015/05/01 v1.6.1 Font defs for Latin Modern
)
LaTeX Font Info:    Trying to load font information for OML+lmm on input line 142.
 (/usr/local/texlive/2025/texmf-dist/tex/latex/lm/omllmm.fd
File: omllmm.fd 2015/05/01 v1.6.1 Font defs for Latin Modern
)
LaTeX Font Info:    Trying to load font information for OMS+lmsy on input line 142.
 (/usr/local/texlive/2025/texmf-dist/tex/latex/lm/omslmsy.fd
File: omslmsy.fd 2015/05/01 v1.6.1 Font defs for Latin Modern
)
LaTeX Font Info:    Trying to load font information for OMX+lmex on input line 142.
 (/usr/local/texlive/2025/texmf-dist/tex/latex/lm/omxlmex.fd
File: omxlmex.fd 2015/05/01 v1.6.1 Font defs for Latin Modern
)
LaTeX Font Info:    External font `lmex10' loaded for size
(Font)              <12> on input line 142.
LaTeX Font Info:    External font `lmex10' loaded for size
(Font)              <8> on input line 142.
LaTeX Font Info:    External font `lmex10' loaded for size
(Font)              <6> on input line 142.
LaTeX Font Info:    Trying to load font information for U+msa on input line 142.
 (/usr/local/texlive/2025/texmf-dist/tex/latex/amsfonts/umsa.fd
File: umsa.fd 2013/01/14 v3.01 AMS symbols A
) (/usr/local/texlive/2025/texmf-dist/tex/latex/microtype/mt-msa.cfg
File: mt-msa.cfg 2006/02/04 v1.1 microtype config. file: AMS symbols (a) (RS)
)
LaTeX Font Info:    Trying to load font information for U+msb on input line 142.
 (/usr/local/texlive/2025/texmf-dist/tex/latex/amsfonts/umsb.fd
File: umsb.fd 2013/01/14 v3.01 AMS symbols B
) (/usr/local/texlive/2025/texmf-dist/tex/latex/microtype/mt-msb.cfg
File: mt-msb.cfg 2005/06/01 v1.0 microtype config. file: AMS symbols (b) (RS)
)
<images/emblemiop.pdf, id=14, 951.555pt x 951.555pt>
File: images/emblemiop.pdf Graphic file (type pdf)
<use images/emblemiop.pdf>
Package pdftex.def Info: images/emblemiop.pdf  used on input line 142.
(pdftex.def)             Requested size: 127.73387pt x 127.7284pt.


[3{/usr/local/texlive/2025/texmf-dist/fonts/enc/dvips/lm/lm-mathsy.enc} </Users/nelachrapkova/Desktop/Relativistická astrofyzika/diplomova-prace/latex/images/emblemiop.pdf>]

[4

] (/Users/nelachrapkova/Desktop/Relativistická astrofyzika/diplomova-prace/latex/ipotbabel.tex (/Users/nelachrapkova/Desktop/Relativistická astrofyzika/diplomova-prace/latex/ipot-eng.ldf)) (/Users/nelachrapkova/Desktop/Relativistická astrofyzika/diplomova-prace/latex/ipotbabel.tex (/Users/nelachrapkova/Desktop/Relativistická astrofyzika/diplomova-prace/latex/ipot-eng.ldf))

[5]

[6

]
<../obrazky/Zadani_DP.pdf, id=40, page=1, 597.432pt x 844.83629pt>
File: ../obrazky/Zadani_DP.pdf Graphic file (type pdf)
<use ../obrazky/Zadani_DP.pdf, page 1>
Package pdftex.def Info: ../obrazky/Zadani_DP.pdf , page1 used on input line 192.
(pdftex.def)             Requested size: 383.20172pt x 541.90515pt.


[7 </Users/nelachrapkova/Desktop/Relativistická astrofyzika/diplomova-prace/latex/../obrazky/Zadani_DP.pdf>]

[8]

[9

]

[10

]

[11]

[12

] (/Users/nelachrapkova/Desktop/Relativistická astrofyzika/diplomova-prace/latex/DP_Nela_Michalkova.toc
LaTeX Font Info:    External font `lmex10' loaded for size
(Font)              <10.95> on input line 6.


[13])
\tf@toc=\write4
\openout4 = `DP_Nela_Michalkova.toc'.



[14] (/Users/nelachrapkova/Desktop/Relativistická astrofyzika/diplomova-prace/latex/DP_Nela_Michalkova.lof)
\tf@lof=\write5
\openout5 = `DP_Nela_Michalkova.lof'.



[15

{/usr/local/texlive/2025/texmf-dist/fonts/enc/dvips/lm/lm-mathit.enc}{/usr/local/texlive/2025/texmf-dist/fonts/enc/dvips/lm/lm-rm.enc}]

[16

] (/Users/nelachrapkova/Desktop/Relativistická astrofyzika/diplomova-prace/latex/DP_Nela_Michalkova.lot)
\tf@lot=\write6
\openout6 = `DP_Nela_Michalkova.lot'.



[17]

[18

]

[1

]

[2]
ipothes: Kapitola 1
<../obrazky/stars_lifecycle_full.jpg, id=276, 2056.3224pt x 1404.9288pt>
File: ../obrazky/stars_lifecycle_full.jpg Graphic file (type jpg)
<use ../obrazky/stars_lifecycle_full.jpg>
Package pdftex.def Info: ../obrazky/stars_lifecycle_full.jpg  used on input line 289.
(pdftex.def)             Requested size: 344.8792pt x 235.61911pt.


[3

 </Users/nelachrapkova/Desktop/Relativistická astrofyzika/diplomova-prace/latex/../obrazky/stars_lifecycle_full.jpg>]

[4]
<../obrazky/NStar_vnitrni_struktura.png, id=309, 570.13pt x 695.59875pt>
File: ../obrazky/NStar_vnitrni_struktura.png Graphic file (type png)
<use ../obrazky/NStar_vnitrni_struktura.png>
Package pdftex.def Info: ../obrazky/NStar_vnitrni_struktura.png  used on input line 314.
(pdftex.def)             Requested size: 287.40129pt x 350.64307pt.


[5

 </Users/nelachrapkova/Desktop/Relativistická astrofyzika/diplomova-prace/latex/../obrazky/NStar_vnitrni_struktura.png>]

[6]

[7

{/usr/local/texlive/2025/texmf-dist/fonts/enc/dvips/lm/lm-mathex.enc}]

[8]

[9]

[10]

[11]

[12

]

[13]

[14]
<../obrazky/P_P_diagram.png, id=447, 1109.14375pt x 777.90625pt>
File: ../obrazky/P_P_diagram.png Graphic file (type png)
<use ../obrazky/P_P_diagram.png>
Package pdftex.def Info: ../obrazky/P_P_diagram.png  used on input line 651.
(pdftex.def)             Requested size: 383.20172pt x 268.75778pt.


[15]

[16 </Users/nelachrapkova/Desktop/Relativistická astrofyzika/diplomova-prace/latex/../obrazky/P_P_diagram.png>]
ipothes: Kapitola 2


[17

]
<../obrazky/PSR_J0835-4510_Vela.png, id=475, 972.63374pt x 764.8575pt>
File: ../obrazky/PSR_J0835-4510_Vela.png Graphic file (type png)
<use ../obrazky/PSR_J0835-4510_Vela.png>
Package pdftex.def Info: ../obrazky/PSR_J0835-4510_Vela.png  used on input line 676.
(pdftex.def)             Requested size: 306.56255pt x 241.07143pt.


[18 </Users/nelachrapkova/Desktop/Relativistická astrofyzika/diplomova-prace/latex/../obrazky/PSR_J0835-4510_Vela.png>]

[19

]
<../obrazky/Krtické_teploty.png, id=502, 1459.4525pt x 694.595pt>
File: ../obrazky/Krtické_teploty.png Graphic file (type png)
<use ../obrazky/Krtické_teploty.png>
Package pdftex.def Info: ../obrazky/Krtické_teploty.png  used on input line 718.
(pdftex.def)             Requested size: 383.20172pt x 182.37102pt.


[20]

[21 </Users/nelachrapkova/Desktop/Relativistická astrofyzika/diplomova-prace/latex/../obrazky/Krtické_teploty.png>]

[22]

[23]

[24

]

[25]

[26

]

[27]

[28

]
ipothes: Kapitola 3


[29]
<../obrazky/Referencni_graf_Graber.png, id=617, 1237.62375pt x 745.78625pt>
File: ../obrazky/Referencni_graf_Graber.png Graphic file (type png)
<use ../obrazky/Referencni_graf_Graber.png>
Package pdftex.def Info: ../obrazky/Referencni_graf_Graber.png  used on input line 884.
(pdftex.def)             Requested size: 383.20172pt x 230.91823pt.


[30 </Users/nelachrapkova/Desktop/Relativistická astrofyzika/diplomova-prace/latex/../obrazky/Referencni_graf_Graber.png>]

[31]
<../glitchrises-master/Exp1_Vary_R_run_1_R800000.0_M1.4.png, id=630, 656.2116pt x 457.4691pt>
File: ../glitchrises-master/Exp1_Vary_R_run_1_R800000.0_M1.4.png Graphic file (type png)
<use ../glitchrises-master/Exp1_Vary_R_run_1_R800000.0_M1.4.png>
Package pdftex.def Info: ../glitchrises-master/Exp1_Vary_R_run_1_R800000.0_M1.4.png  used on input line 901.
(pdftex.def)             Requested size: 373.54384pt x 260.41107pt.
<../glitchrises-master/Exp1_Vary_R_run_2_R900000.0_M1.4.png, id=631, 656.2116pt x 457.4691pt>
File: ../glitchrises-master/Exp1_Vary_R_run_2_R900000.0_M1.4.png Graphic file (type png)
<use ../glitchrises-master/Exp1_Vary_R_run_2_R900000.0_M1.4.png>
Package pdftex.def Info: ../glitchrises-master/Exp1_Vary_R_run_2_R900000.0_M1.4.png  used on input line 907.
(pdftex.def)             Requested size: 373.54384pt x 260.41107pt.
<../glitchrises-master/Exp1_Vary_R_run_3_R1000000.0_M1.4.png, id=632, 656.2116pt x 457.4691pt>
File: ../glitchrises-master/Exp1_Vary_R_run_3_R1000000.0_M1.4.png Graphic file (type png)
<use ../glitchrises-master/Exp1_Vary_R_run_3_R1000000.0_M1.4.png>
Package pdftex.def Info: ../glitchrises-master/Exp1_Vary_R_run_3_R1000000.0_M1.4.png  used on input line 913.
(pdftex.def)             Requested size: 373.54384pt x 260.41107pt.


[32

 </Users/nelachrapkova/Desktop/Relativistická astrofyzika/diplomova-prace/latex/../glitchrises-master/Exp1_Vary_R_run_1_R800000.0_M1.4.png>]
<../glitchrises-master/Exp1_Vary_R_run_4_R1100000.0_M1.4.png, id=638, 656.2116pt x 457.4691pt>
File: ../glitchrises-master/Exp1_Vary_R_run_4_R1100000.0_M1.4.png Graphic file (type png)
<use ../glitchrises-master/Exp1_Vary_R_run_4_R1100000.0_M1.4.png>
Package pdftex.def Info: ../glitchrises-master/Exp1_Vary_R_run_4_R1100000.0_M1.4.png  used on input line 919.
(pdftex.def)             Requested size: 373.54384pt x 260.41107pt.
<../glitchrises-master/Exp1_Vary_R_run_5_R1200000.0_M1.4.png, id=639, 656.2116pt x 457.4691pt>
File: ../glitchrises-master/Exp1_Vary_R_run_5_R1200000.0_M1.4.png Graphic file (type png)
<use ../glitchrises-master/Exp1_Vary_R_run_5_R1200000.0_M1.4.png>
Package pdftex.def Info: ../glitchrises-master/Exp1_Vary_R_run_5_R1200000.0_M1.4.png  used on input line 925.
(pdftex.def)             Requested size: 373.54384pt x 260.41107pt.


[33 </Users/nelachrapkova/Desktop/Relativistická astrofyzika/diplomova-prace/latex/../glitchrises-master/Exp1_Vary_R_run_2_R900000.0_M1.4.png> </Users/nelachrapkova/Desktop/Relativistická astrofyzika/diplomova-prace/latex/../glitchrises-master/Exp1_Vary_R_run_3_R1000000.0_M1.4.png>]
<../glitchrises-master/Exp1_Vary_R_run_6_R1300000.0_M1.4.png, id=646, 656.2116pt x 457.4691pt>
File: ../glitchrises-master/Exp1_Vary_R_run_6_R1300000.0_M1.4.png Graphic file (type png)
<use ../glitchrises-master/Exp1_Vary_R_run_6_R1300000.0_M1.4.png>
Package pdftex.def Info: ../glitchrises-master/Exp1_Vary_R_run_6_R1300000.0_M1.4.png  used on input line 931.
(pdftex.def)             Requested size: 373.54384pt x 260.41107pt.
<../glitchrises-master/Exp1_Vary_R_run_7_R1400000.0_M1.4.png, id=647, 656.2116pt x 457.4691pt>
File: ../glitchrises-master/Exp1_Vary_R_run_7_R1400000.0_M1.4.png Graphic file (type png)
<use ../glitchrises-master/Exp1_Vary_R_run_7_R1400000.0_M1.4.png>
Package pdftex.def Info: ../glitchrises-master/Exp1_Vary_R_run_7_R1400000.0_M1.4.png  used on input line 937.
(pdftex.def)             Requested size: 373.54384pt x 260.41107pt.


[34 </Users/nelachrapkova/Desktop/Relativistická astrofyzika/diplomova-prace/latex/../glitchrises-master/Exp1_Vary_R_run_4_R1100000.0_M1.4.png> </Users/nelachrapkova/Desktop/Relativistická astrofyzika/diplomova-prace/latex/../glitchrises-master/Exp1_Vary_R_run_5_R1200000.0_M1.4.png>]
\tableonebox=\box62
 (/Users/nelachrapkova/Desktop/Relativistická astrofyzika/diplomova-prace/latex/../glitchrises-master/Experiment_1_Tabulka_Rcci.tex)

[35 </Users/nelachrapkova/Desktop/Relativistická astrofyzika/diplomova-prace/latex/../glitchrises-master/Exp1_Vary_R_run_6_R1300000.0_M1.4.png> </Users/nelachrapkova/Desktop/Relativistická astrofyzika/diplomova-prace/latex/../glitchrises-master/Exp1_Vary_R_run_7_R1400000.0_M1.4.png>]

[36]
<../glitchrises-master/Exp2_Vary_M_run_1_R1000000_M1.1.png, id=665, 656.2116pt x 457.4691pt>
File: ../glitchrises-master/Exp2_Vary_M_run_1_R1000000_M1.1.png Graphic file (type png)
<use ../glitchrises-master/Exp2_Vary_M_run_1_R1000000_M1.1.png>
Package pdftex.def Info: ../glitchrises-master/Exp2_Vary_M_run_1_R1000000_M1.1.png  used on input line 967.
(pdftex.def)             Requested size: 373.54384pt x 260.41107pt.
<../glitchrises-master/Exp2_Vary_M_run_2_R1000000_M1.3.png, id=666, 656.2116pt x 457.4691pt>
File: ../glitchrises-master/Exp2_Vary_M_run_2_R1000000_M1.3.png Graphic file (type png)
<use ../glitchrises-master/Exp2_Vary_M_run_2_R1000000_M1.3.png>
Package pdftex.def Info: ../glitchrises-master/Exp2_Vary_M_run_2_R1000000_M1.3.png  used on input line 973.
(pdftex.def)             Requested size: 373.54384pt x 260.41107pt.
<../glitchrises-master/Exp2_Vary_M_run_3_R1000000_M1.5.png, id=667, 656.2116pt x 457.4691pt>
File: ../glitchrises-master/Exp2_Vary_M_run_3_R1000000_M1.5.png Graphic file (type png)
<use ../glitchrises-master/Exp2_Vary_M_run_3_R1000000_M1.5.png>
Package pdftex.def Info: ../glitchrises-master/Exp2_Vary_M_run_3_R1000000_M1.5.png  used on input line 979.
(pdftex.def)             Requested size: 373.54384pt x 260.41107pt.


[37

 </Users/nelachrapkova/Desktop/Relativistická astrofyzika/diplomova-prace/latex/../glitchrises-master/Exp2_Vary_M_run_1_R1000000_M1.1.png>]
<../glitchrises-master/Exp2_Vary_M_run_4_R1000000_M1.7.png, id=674, 656.2116pt x 457.4691pt>
File: ../glitchrises-master/Exp2_Vary_M_run_4_R1000000_M1.7.png Graphic file (type png)
<use ../glitchrises-master/Exp2_Vary_M_run_4_R1000000_M1.7.png>
Package pdftex.def Info: ../glitchrises-master/Exp2_Vary_M_run_4_R1000000_M1.7.png  used on input line 985.
(pdftex.def)             Requested size: 373.54384pt x 260.41107pt.
<../glitchrises-master/Exp2_Vary_M_run_5_R1000000_M1.9.png, id=675, 656.2116pt x 457.4691pt>
File: ../glitchrises-master/Exp2_Vary_M_run_5_R1000000_M1.9.png Graphic file (type png)
<use ../glitchrises-master/Exp2_Vary_M_run_5_R1000000_M1.9.png>
Package pdftex.def Info: ../glitchrises-master/Exp2_Vary_M_run_5_R1000000_M1.9.png  used on input line 991.
(pdftex.def)             Requested size: 373.54384pt x 260.41107pt.


[38 </Users/nelachrapkova/Desktop/Relativistická astrofyzika/diplomova-prace/latex/../glitchrises-master/Exp2_Vary_M_run_2_R1000000_M1.3.png> </Users/nelachrapkova/Desktop/Relativistická astrofyzika/diplomova-prace/latex/../glitchrises-master/Exp2_Vary_M_run_3_R1000000_M1.5.png>]
<../glitchrises-master/Exp2_Vary_M_run_6_R1000000_M2.0.png, id=682, 656.2116pt x 457.4691pt>
File: ../glitchrises-master/Exp2_Vary_M_run_6_R1000000_M2.0.png Graphic file (type png)
<use ../glitchrises-master/Exp2_Vary_M_run_6_R1000000_M2.0.png>
Package pdftex.def Info: ../glitchrises-master/Exp2_Vary_M_run_6_R1000000_M2.0.png  used on input line 997.
(pdftex.def)             Requested size: 373.54384pt x 260.41107pt.
<../glitchrises-master/Exp2_Vary_M_run_7_R1000000_M2.2.png, id=683, 656.2116pt x 457.4691pt>
File: ../glitchrises-master/Exp2_Vary_M_run_7_R1000000_M2.2.png Graphic file (type png)
<use ../glitchrises-master/Exp2_Vary_M_run_7_R1000000_M2.2.png>
Package pdftex.def Info: ../glitchrises-master/Exp2_Vary_M_run_7_R1000000_M2.2.png  used on input line 1003.
(pdftex.def)             Requested size: 373.54384pt x 260.41107pt.


[39 </Users/nelachrapkova/Desktop/Relativistická astrofyzika/diplomova-prace/latex/../glitchrises-master/Exp2_Vary_M_run_4_R1000000_M1.7.png> </Users/nelachrapkova/Desktop/Relativistická astrofyzika/diplomova-prace/latex/../glitchrises-master/Exp2_Vary_M_run_5_R1000000_M1.9.png>]
\tabletwobox=\box63
 (/Users/nelachrapkova/Desktop/Relativistická astrofyzika/diplomova-prace/latex/../glitchrises-master/Experiment_2_Tabulka_Mcoeff.tex)

[40 </Users/nelachrapkova/Desktop/Relativistická astrofyzika/diplomova-prace/latex/../glitchrises-master/Exp2_Vary_M_run_6_R1000000_M2.0.png> </Users/nelachrapkova/Desktop/Relativistická astrofyzika/diplomova-prace/latex/../glitchrises-master/Exp2_Vary_M_run_7_R1000000_M2.2.png>]

[41]

[42]
<../glitchrises-master/zavislost_maxA_Rcci.png, id=705, 527.571pt x 393.8715pt>
File: ../glitchrises-master/zavislost_maxA_Rcci.png Graphic file (type png)
<use ../glitchrises-master/zavislost_maxA_Rcci.png>
Package pdftex.def Info: ../glitchrises-master/zavislost_maxA_Rcci.png  used on input line 1039.
(pdftex.def)             Requested size: 344.8792pt x 257.47987pt.
<../glitchrises-master/zavislost_casA_Rcci.png, id=706, 501.5538pt x 393.8715pt>
File: ../glitchrises-master/zavislost_casA_Rcci.png Graphic file (type png)
<use ../glitchrises-master/zavislost_casA_Rcci.png>
Package pdftex.def Info: ../glitchrises-master/zavislost_casA_Rcci.png  used on input line 1046.
(pdftex.def)             Requested size: 344.8792pt x 270.84007pt.


[43

 </Users/nelachrapkova/Desktop/Relativistická astrofyzika/diplomova-prace/latex/../glitchrises-master/zavislost_maxA_Rcci.png>]
<../glitchrises-master/zavislost_maxA_Mcoeff.png, id=713, 508.7808pt x 384.4764pt>
File: ../glitchrises-master/zavislost_maxA_Mcoeff.png Graphic file (type png)
<use ../glitchrises-master/zavislost_maxA_Mcoeff.png>
Package pdftex.def Info: ../glitchrises-master/zavislost_maxA_Mcoeff.png  used on input line 1053.
(pdftex.def)             Requested size: 344.8792pt x 260.63089pt.
<../glitchrises-master/zavislost_casA_Mcoeff.png, id=714, 505.1673pt x 384.4764pt>
File: ../glitchrises-master/zavislost_casA_Mcoeff.png Graphic file (type png)
<use ../glitchrises-master/zavislost_casA_Mcoeff.png>
Package pdftex.def Info: ../glitchrises-master/zavislost_casA_Mcoeff.png  used on input line 1060.
(pdftex.def)             Requested size: 344.8792pt x 262.48474pt.


[44 </Users/nelachrapkova/Desktop/Relativistická astrofyzika/diplomova-prace/latex/../glitchrises-master/zavislost_casA_Rcci.png> </Users/nelachrapkova/Desktop/Relativistická astrofyzika/diplomova-prace/latex/../glitchrises-master/zavislost_maxA_Mcoeff.png>]

[45 </Users/nelachrapkova/Desktop/Relativistická astrofyzika/diplomova-prace/latex/../glitchrises-master/zavislost_casA_Mcoeff.png>]

[46

]
ipothes: Kapitola 4


[47] (/Users/nelachrapkova/Desktop/Relativistická astrofyzika/diplomova-prace/latex/DP_Nela_Michalkova.bbl

[48]
LaTeX Font Info:    Trying to load font information for T1+lmtt on input line 45.
 (/usr/local/texlive/2025/texmf-dist/tex/latex/lm/t1lmtt.fd
File: t1lmtt.fd 2015/05/01 v1.6.1 Font defs for Latin Modern
)
Package microtype Info: Loading generic protrusion settings for font family
(microtype)             `lmtt' (encoding: T1).
(microtype)             For optimal results, create family-specific settings.
(microtype)             See the microtype manual for details.


[49

]

[50])

[51] (/Users/nelachrapkova/Desktop/Relativistická astrofyzika/diplomova-prace/latex/DP_Nela_Michalkova.aux)
 ***********
LaTeX2e <2024-11-01> patch level 2
L3 programming layer <2025-01-18>
 ***********
 ) 
Here is how much of TeX's memory you used:
 17216 strings out of 473190
 284750 string characters out of 5715800
 722221 words of memory out of 5000000
 39615 multiletter control sequences out of 15000+600000
 665397 words of font info for 256 fonts, out of 8000000 for 9000
 1177 hyphenation exceptions out of 8191
 77i,19n,82p,1124b,772s stack positions out of 10000i,1000n,20000p,200000b,200000s
</usr/local/texlive/2025/texmf-dist/fonts/type1/public/lm/lmbsy10.pfb></usr/local/texlive/2025/texmf-dist/fonts/type1/public/lm/lmbx10.pfb></usr/local/texlive/2025/texmf-dist/fonts/type1/public/lm/lmbx12.pfb></usr/local/texlive/2025/texmf-dist/fonts/type1/public/lm/lmex10.pfb></usr/local/texlive/2025/texmf-dist/fonts/type1/public/lm/lmmi10.pfb></usr/local/texlive/2025/texmf-dist/fonts/type1/public/lm/lmmi12.pfb></usr/local/texlive/2025/texmf-dist/fonts/type1/public/lm/lmmi8.pfb></usr/local/texlive/2025/texmf-dist/fonts/type1/public/lm/lmr10.pfb></usr/local/texlive/2025/texmf-dist/fonts/type1/public/lm/lmr12.pfb></usr/local/texlive/2025/texmf-dist/fonts/type1/public/lm/lmr6.pfb></usr/local/texlive/2025/texmf-dist/fonts/type1/public/lm/lmr8.pfb></usr/local/texlive/2025/texmf-dist/fonts/type1/public/lm/lmri10.pfb></usr/local/texlive/2025/texmf-dist/fonts/type1/public/lm/lmri12.pfb></usr/local/texlive/2025/texmf-dist/fonts/type1/public/lm/lmro10.pfb></usr/local/texlive/2025/texmf-dist/fonts/type1/public/lm/lmssbx10.pfb></usr/local/texlive/2025/texmf-dist/fonts/type1/public/lm/lmsy10.pfb></usr/local/texlive/2025/texmf-dist/fonts/type1/public/lm/lmsy8.pfb></usr/local/texlive/2025/texmf-dist/fonts/type1/public/lm/lmtt10.pfb></usr/local/texlive/2025/texmf-dist/fonts/type1/public/amsfonts/symbols/msam10.pfb></usr/local/texlive/2025/texmf-dist/fonts/type1/public/amsfonts/symbols/msbm10.pfb>
Output written on "/Users/nelachrapkova/Desktop/Relativistická astrofyzika/diplomova-prace/latex/DP_Nela_Michalkova.pdf" (69 pages, 5405624 bytes).
PDF statistics:
 902 PDF objects out of 1000 (max. 8388607)
 717 compressed objects within 8 object streams
 211 named destinations out of 1000 (max. 500000)
 57987 words of extra memory for PDF output out of 61914 (max. 10000000)

